// Jest Snapshot v1, https://goo.gl/fbAQLP

exports[`should render expense list item with values 1`] = `
<div
  className="container"
>
  <Link
    replace={false}
    to="/edit/1"
  >
    <h3>
      Gum
    </h3>
  </Link>
  <p>
    $30.00
    <br />
    January 1, 1970
  </p>
</div>
`;
