// Jest Snapshot v1, https://goo.gl/fbAQLP

exports[`should render notFound page 1`] = `
<div>
  <h3>
    Not Found Page (404!)
  </h3>
  <Link
    replace={false}
    to="/"
  >
    Go Home
  </Link>
</div>
`;
